// Jest Snapshot v1, https://goo.gl/fbAQLP

exports[`MovieList component renders "No films found" if passed movies array is empty 1`] = `
<div
  styleName="no-results"
>
  No films found
</div>
`;

exports[`MovieList component renders MovieElement components 1`] = `
<div
  styleName="list"
>
  <MovieElement
    genres={Array []}
    id={1}
    key="1"
    poster_path=""
    release_date=""
    title=""
  />
</div>
`;
