// Jest Snapshot v1, https://goo.gl/fbAQLP

exports[`SearchPage component  renders SearchPage 1`] = `
<div
  className="page-wrapper"
>
  <main
    className="page-header"
  >
    <Logo />
    <SearchBar
      onChange={[Function]}
    />
    <div
      styleName="actions"
    >
      <SearchFilters
        onChange={[Function]}
      />
      <button
        className="standard-button"
        data-qa="search-button"
        onClick={[Function]}
        styleName="find-button"
      >
        Find
      </button>
    </div>
  </main>
  <MovieListOptions
    moviesCount={0}
    onChange={[Function]}
  />
  <MovieList
    movies={Array []}
  />
</div>
`;
